$ /home/pespinoz/miniconda3/envs/tesis_env/bin/python3 Mapping/compare_results_no_mesh.py --renders-root /data/pespinoz/renders --symmetry-type axis_sym --sizes 224 --lightings flat --experiment-id axis_v08_ndcfix_nomesh axis_v08_ndcfix_expA_nomesh axis_v08_ndcfix_expB_nomesh axis_v08_ndcfix_expC_nomesh axis_v08_ndcfix_expD_nomesh axis_v08_ndcfix_expE_nomesh --csv-dir /home/pespinoz/results_ndcfix --no-plots --total-objects 850


--- triangulation (eje/plano unico) ---
                 experiment        method  n_views  n_objects  angular_error_mean  angular_error_median  auc_angular  precision_5deg  precision_10deg
axis_v08_ndcfix_expA_nomesh triangulation        6        829             27.7080                4.6136       0.6061          0.5141           0.5906
axis_v08_ndcfix_expA_nomesh triangulation       14        813             31.3349                7.0211       0.5547          0.4118           0.5588
axis_v08_ndcfix_expA_nomesh triangulation       26        829             33.2039               14.1198       0.4944          0.1553           0.3965
axis_v08_ndcfix_expB_nomesh triangulation        6        829             27.7080                4.6136       0.6061          0.5141           0.5906
axis_v08_ndcfix_expB_nomesh triangulation       14        813             31.3349                7.0211       0.5547          0.4118           0.5588
axis_v08_ndcfix_expB_nomesh triangulation       26        829             33.2039               14.1198       0.4944          0.1553           0.3965
axis_v08_ndcfix_expC_nomesh triangulation        6        829             28.0412                4.9062       0.5988          0.5024           0.5776
axis_v08_ndcfix_expC_nomesh triangulation       14        813             31.3330                6.8649       0.5543          0.4176           0.5612
axis_v08_ndcfix_expC_nomesh triangulation       26        829             32.9760               13.3003       0.4980          0.1718           0.4106
axis_v08_ndcfix_expD_nomesh triangulation        6        829             27.7080                4.6136       0.6061          0.5141           0.5906
axis_v08_ndcfix_expD_nomesh triangulation       14        813             31.3468                7.0211       0.5547          0.4118           0.5588
axis_v08_ndcfix_expD_nomesh triangulation       26        829             33.1790               13.9851       0.4948          0.1565           0.3976
axis_v08_ndcfix_expE_nomesh triangulation        6        829             28.0110                4.6187       0.6032          0.5153           0.5941
axis_v08_ndcfix_expE_nomesh triangulation       14        813             31.6239                6.6648       0.5544          0.4306           0.5635
axis_v08_ndcfix_expE_nomesh triangulation       26        829             32.7874               13.0635       0.5034          0.1906           0.4306
     axis_v08_ndcfix_nomesh triangulation        6        829             28.0412                4.9062       0.5988          0.5024           0.5776
     axis_v08_ndcfix_nomesh triangulation       14        813             31.3330                6.8649       0.5543          0.4176           0.5612
     axis_v08_ndcfix_nomesh triangulation       26        829             32.9760               13.3003       0.4980          0.1718           0.4106
Saved: /home/pespinoz/results_ndcfix/experiments_05_10_2026/axis_sym_6exps_comparison.csv
