$ /home/pespinoz/miniconda3/envs/tesis_env/bin/python3 Mapping/compare_results_no_mesh.py --renders-root /data/pespinoz/renders --symmetry-type plane_sym --sizes 224 --lightings flat --experiment-id plane_v04_1_ndcfix_nomesh plane_v04_1_ndcfix_expA_mp3_nomesh plane_v04_1_ndcfix_expC_mp3_nomesh plane_v04_1_ndcfix_expD_mp3_nomesh plane_v04_1_ndcfix_expF_mp3_nomesh plane_v04_1_ndcfix_expC_nomesh --csv-dir /home/pespinoz/results_ndcfix --no-plots --total-objects 850


--- triangulation (eje/plano unico) ---
                    experiment        method  n_views  n_objects  angular_error_mean  angular_error_median  auc_angular  precision_5deg  precision_10deg
plane_v04_1_ndcfix_expC_nomesh triangulation        6        707             44.4173               39.8370       0.2283          0.0529           0.1824
plane_v04_1_ndcfix_expC_nomesh triangulation       14        553             53.3763               63.8795       0.2831          0.2329           0.2694
plane_v04_1_ndcfix_expC_nomesh triangulation       26        687             46.5656               45.6147       0.1914          0.1529           0.1553

--- triangulation_multiplane (recall/precision sobre planos GT) ---
                        experiment                   method  n_views  n_objects  n_planes_predicted_mean  n_true_planes_mean  n_planes_matched_mean  recall_planes_mean  precision_planes_mean
plane_v04_1_ndcfix_expA_mp3_nomesh triangulation_multiplane        6        707                   1.0000              1.1754                 0.2348              0.2185                 0.2348
plane_v04_1_ndcfix_expA_mp3_nomesh triangulation_multiplane       14        553                   1.8915              1.1682                 0.9295              0.8544                 0.5163
plane_v04_1_ndcfix_expA_mp3_nomesh triangulation_multiplane       26        687                   2.3901              1.1601                 0.9272              0.8231                 0.4231
plane_v04_1_ndcfix_expC_mp3_nomesh triangulation_multiplane        6        707                   1.0000              1.1754                 0.2235              0.2079                 0.2235
plane_v04_1_ndcfix_expC_mp3_nomesh triangulation_multiplane       14        553                   1.8915              1.1682                 0.9331              0.8562                 0.5190
plane_v04_1_ndcfix_expC_mp3_nomesh triangulation_multiplane       26        687                   2.3901              1.1601                 0.9258              0.8217                 0.4226
plane_v04_1_ndcfix_expD_mp3_nomesh triangulation_multiplane        6        707                   1.0000              1.1754                 0.2348              0.2185                 0.2348
plane_v04_1_ndcfix_expD_mp3_nomesh triangulation_multiplane       14        553                   1.8915              1.1682                 0.9295              0.8544                 0.5163
plane_v04_1_ndcfix_expD_mp3_nomesh triangulation_multiplane       26        687                   2.3901              1.1601                 0.9258              0.8217                 0.4216
plane_v04_1_ndcfix_expF_mp3_nomesh triangulation_multiplane        6        386                   1.0000              1.1788                 0.4093              0.3808                 0.4093
plane_v04_1_ndcfix_expF_mp3_nomesh triangulation_multiplane       14        401                   1.6060              1.1796                 0.9277              0.8466                 0.6521
plane_v04_1_ndcfix_expF_mp3_nomesh triangulation_multiplane       26        367                   1.8828              1.1798                 0.8392              0.7489                 0.5104
         plane_v04_1_ndcfix_nomesh triangulation_multiplane        6        707                   1.0000              1.1754                 0.2235              0.2079                 0.2235
         plane_v04_1_ndcfix_nomesh triangulation_multiplane       14        553                   1.8915              1.1682                 0.9331              0.8562                 0.5190
         plane_v04_1_ndcfix_nomesh triangulation_multiplane       26        687                   2.3901              1.1601                 0.9258              0.8217                 0.4226
Saved: /home/pespinoz/results_ndcfix/experiments_05_10_2026/plane_sym_6exps_comparison.csv
