$ /home/pespinoz/miniconda3/envs/tesis_env/bin/python3 Mapping/compare_results_no_mesh.py --renders-root /data/pespinoz/renders --symmetry-type plane_sym --sizes 224 --lightings flat --experiment-id plane_v00_ndcfix_mp1_nomesh plane_v00_1_ndcfix_mp1_nomesh plane_v01_ndcfix_mp1_nomesh plane_v01_1_ndcfix_mp1_nomesh plane_v02_ndcfix_mp1_nomesh plane_v02_1_ndcfix_mp1_nomesh plane_v03_ndcfix_mp1_nomesh plane_v03_1_ndcfix_mp1_nomesh plane_v04_ndcfix_mp1_nomesh plane_v04_1_ndcfix_mp1_nomesh plane_v05_ndcfix_mp1_nomesh plane_v05_1_ndcfix_mp1_nomesh plane_v06_ndcfix_mp1_nomesh plane_v07_ndcfix_mp1_nomesh --csv-dir /home/pespinoz/results_ndcfix_flujoA --no-plots --total-objects 850


--- triangulation (eje/plano unico) ---
                   experiment        method  n_views  n_objects  angular_error_mean  angular_error_median  auc_angular  precision_5deg  precision_10deg
plane_v00_1_ndcfix_mp1_nomesh triangulation        6        737             40.1829               39.8239       0.2917          0.0894           0.2518
plane_v00_1_ndcfix_mp1_nomesh triangulation       14        582             53.1823               63.8499       0.2683          0.1906           0.2388
plane_v00_1_ndcfix_mp1_nomesh triangulation       26        837             36.2274               42.8601       0.2745          0.2094           0.2176
  plane_v00_ndcfix_mp1_nomesh triangulation        6        833             35.6970               30.2953       0.4367          0.1718           0.3765
  plane_v00_ndcfix_mp1_nomesh triangulation       14        777             43.7513               48.8697       0.3533          0.2459           0.3153
  plane_v00_ndcfix_mp1_nomesh triangulation       26        810             40.1859               42.1212       0.2961          0.1635           0.1871
plane_v01_1_ndcfix_mp1_nomesh triangulation        6        847             69.6644               86.4816       0.1651          0.1259           0.1459
plane_v01_1_ndcfix_mp1_nomesh triangulation       14        847             71.1864               77.7965       0.0564          0.0082           0.0235
plane_v01_1_ndcfix_mp1_nomesh triangulation       26        844             81.1873               83.5349       0.0126          0.0012           0.0012
  plane_v01_ndcfix_mp1_nomesh triangulation        6        846             69.2439               86.5693       0.1703          0.1341           0.1459
  plane_v01_ndcfix_mp1_nomesh triangulation       14        846             72.4893               80.0411       0.0524          0.0106           0.0247
  plane_v01_ndcfix_mp1_nomesh triangulation       26        840             81.0658               83.5229       0.0145          0.0012           0.0024
plane_v02_1_ndcfix_mp1_nomesh triangulation        6        717             38.7289               39.8183       0.3551          0.1353           0.3400
plane_v02_1_ndcfix_mp1_nomesh triangulation       14        544             51.3471               63.6023       0.3225          0.2400           0.3094
plane_v02_1_ndcfix_mp1_nomesh triangulation       26        779             37.4598               42.7601       0.3155          0.2529           0.2647
  plane_v02_ndcfix_mp1_nomesh triangulation        6        792             30.8615               39.6786       0.4550          0.1612           0.4647
  plane_v02_ndcfix_mp1_nomesh triangulation       14        658             42.9079               46.6484       0.3908          0.2929           0.3706
  plane_v02_ndcfix_mp1_nomesh triangulation       26        828             32.4675               41.4883       0.3685          0.3024           0.3165
plane_v03_1_ndcfix_mp1_nomesh triangulation        6        838             67.2752               87.0729       0.1912          0.1659           0.1812
plane_v03_1_ndcfix_mp1_nomesh triangulation       14        841             70.5860               79.0309       0.0715          0.0165           0.0400
plane_v03_1_ndcfix_mp1_nomesh triangulation       26        826             80.6693               83.6642       0.0135          0.0035           0.0047
  plane_v03_ndcfix_mp1_nomesh triangulation        6        843             66.5940               87.3131       0.1996          0.1682           0.1871
  plane_v03_ndcfix_mp1_nomesh triangulation       14        840             70.9727               79.3486       0.0673          0.0165           0.0329
  plane_v03_ndcfix_mp1_nomesh triangulation       26        823             80.7196               83.7335       0.0138          0.0035           0.0047
plane_v04_1_ndcfix_mp1_nomesh triangulation        6        707             44.4173               39.8370       0.2283          0.0529           0.1824
plane_v04_1_ndcfix_mp1_nomesh triangulation       14        553             53.3763               63.8795       0.2831          0.2329           0.2694
plane_v04_1_ndcfix_mp1_nomesh triangulation       26        687             46.5656               45.6147       0.1914          0.1529           0.1553
  plane_v04_ndcfix_mp1_nomesh triangulation        6        648             45.6419               39.8399       0.2556          0.0706           0.2259
  plane_v04_ndcfix_mp1_nomesh triangulation       14        641             45.4905               60.5111       0.3620          0.2976           0.3482
  plane_v04_ndcfix_mp1_nomesh triangulation       26        756             41.8256               45.1390       0.2275          0.1812           0.1824
plane_v05_1_ndcfix_mp1_nomesh triangulation        6        796             34.6692                8.3630       0.4936          0.2141           0.5176
plane_v05_1_ndcfix_mp1_nomesh triangulation       14        684             44.5665               47.9851       0.3805          0.2624           0.3494
plane_v05_1_ndcfix_mp1_nomesh triangulation       26        827             39.7473               42.0136       0.2771          0.1624           0.1741
  plane_v05_ndcfix_mp1_nomesh triangulation        6        839             61.1189               86.3110       0.2657          0.1835           0.2435
  plane_v05_ndcfix_mp1_nomesh triangulation       14        812             64.9865               80.6700       0.1602          0.0635           0.1188
  plane_v05_ndcfix_mp1_nomesh triangulation       26        848             76.1929               81.7918       0.0365          0.0200           0.0212
  plane_v06_ndcfix_mp1_nomesh triangulation        6        730             37.2799               39.8144       0.3713          0.1212           0.3612
  plane_v06_ndcfix_mp1_nomesh triangulation       14        531             50.3623               63.5422       0.3425          0.2529           0.3282
  plane_v06_ndcfix_mp1_nomesh triangulation       26        822             34.3068               42.4230       0.3310          0.2741           0.2835
  plane_v07_ndcfix_mp1_nomesh triangulation        6        652             47.0233               39.8428       0.2191          0.0541           0.1635
  plane_v07_ndcfix_mp1_nomesh triangulation       14        501             58.9790               63.8811       0.2198          0.1694           0.2059
  plane_v07_ndcfix_mp1_nomesh triangulation       26        709             45.7482               45.8362       0.1946          0.1635           0.1659
Saved: /home/pespinoz/results_ndcfix_flujoA/experiments_06_10_2026/plane_sym_14exps_comparison.csv
